// Jest Snapshot v1, https://goo.gl/fbAQLP

exports[`renders correctly 1`] = `<filter />`;

exports[`renders filter component correctly 1`] = `<filter />`;
