// Jest Snapshot v1, https://goo.gl/fbAQLP

exports[`renders footer component correctly 1`] = `<footer />`;
