// Jest Snapshot v1, https://goo.gl/fbAQLP

exports[`renders header component correctly 1`] = `<header />`;
