// Jest Snapshot v1, https://goo.gl/fbAQLP

exports[`renders item component correctly 1`] = `<item />`;
